Fixed 2391 asset URL(s) in 96 file(s)
pages/index.php: 2
pages/monitors/gaming/index.php: 2
pages/monitors/gaming/odyssey-oled-g9-g93sc-49-inch-240hz-curved-dual-qhd-ls49cg934smxue/index.php: 19
pages/monitors/gaming/odyssey-g5-34-inch-165hz-curved-ultra-wqhd-lc34g55twwmxue/index.php: 18
pages/monitors/monitor-buying-guide/index.php: 4
pages/monitors/odyssey-gaming-monitor/index.php: 5
pages/monitors/high-resolution/index.php: 2
pages/monitors/smart/index.php: 2
pages/monitors/all-monitors/index.php: 2
pages/monitors/full-hd-1080p/index.php: 2
pages/monitors/viewfinity-high-resolution-monitor/index.php: 14
pages/offer/index.php: 2
pages/offer/samsung-week/index.php: 4
pages/offer/mobile/wearables-and-accessories/index.php: 3
pages/offer/mobile/tablets/index.php: 3
pages/offer/mobile/smartphones/index.php: 3
pages/smartthings/index.php: 32
pages/store-locator/index.php: 6
pages/air-conditioners/wall-mount/ar9500t-ar50f12c1uhnsa-non-windfree-ar50f18c1nh2pm/index.php: 6
pages/air-conditioners/wall-mount/ar9500t-ar18asfzgwk2pm/index.php: 18
pages/air-conditioners/all-air-conditioners/index.php: 2
pages/about-us/company-info/index.php: 6
pages/about-us/careers/index.php: 6
pages/about-us/business-area/index.php: 6
pages/about-us/ethics/index.php: 7
pages/about-us/brand-identity/index.php: 6
pages/washers-and-dryers/all-washers-and-dryers/index.php: 2
pages/washers-and-dryers/washing-machines/ww5000d-front-loading-smartthings-ai-energy-mode-a-10-percent-extra-energy-efficiency-ai-ecobubble-9kg-black-ww90dg5u34abfa/index.php: 7
pages/washers-and-dryers/washing-machines/wa5000c-top-load-ecobubble-digital-inverter-technology-super-speed-15kg-dark-gray-wa15ck5745bdrt/index.php: 6
pages/watches/galaxy-watch/galaxy-watch8-44mm-silver-bluetooth-sm-l330nzsamea/index.php: 2
pages/watches/all-watches/index.php: 2
pages/mobile-accessories/all-mobile-accessories/index.php: 2
pages/one-ui/index.php: 8
pages/tvs/qled-tv/index.php: 2
pages/tvs/qled-tv/q7f-55-inch-qled-4k-smart-tv-qa55q7faausmm/index.php: 15
pages/tvs/neo-qled-tvs/index.php: 2
pages/tvs/vision-ai-tv/index.php: 7
pages/tvs/oled-tv/index.php: 2
pages/tvs/oled-tv/highlights/index.php: 3
pages/tvs/help-me-choose/index.php: 1286
pages/tvs/all-tvs/index.php: 2
pages/tvs/uhd-4k-tv/du7000-65-inch-crystal-uhd-4k-tizen-os-smart-tv-ua65du7000uswk/index.php: 31
pages/business/index.php: 2
pages/tablets/galaxy-tab-s/galaxy-tab-s9-fe-5g-gray-128gb-sm-x516bzaamea/index.php: 14
pages/tablets/all-tablets/index.php: 2
pages/audio-sound/all-audio-sound/index.php: 2
pages/audio-sound/galaxy-buds/galaxy-buds4-pro-black-sm-r640nzkamea/index.php: 9
pages/lifestyle-tvs/the-frame/ls03f-65-inch-art-store-black-qa65ls03fausmm/index.php: 24
pages/lifestyle-tvs/the-frame/highlights/index.php: 6
pages/lifestyle-tvs/all-lifestyle-tvs/index.php: 2
pages/function/ipredirection/ipredirectionLocalList/index.php: 6
pages/buy-direct-get-more/index.php: 6
pages/explore/index.php: 2
pages/search/index.php: 2
pages/info/privacy/index.php: 6
pages/info/sitemap/index.php: 6
pages/info/legal/index.php: 7
pages/sign-language/index.php: 3
pages/innovation-campus/index.php: 8
pages/news/index.php: 3
pages/support/index.php: 3
pages/support/contact/index.php: 7
pages/support/newsalert/index.php: 2
pages/support/user-manuals-and-guide/index.php: 3
pages/support/service-center/index.php: 7
pages/support/repair-price/index.php: 19
pages/support/warranty/index.php: 2
pages/mobile/index.php: 3
pages/mobile/find-your-galaxy/index.php: 6
pages/mobile/switch-to-galaxy/index.php: 2
pages/home-appliances/faq/index.php: 6
pages/home-appliances/buying-guide/index.php: 6
pages/smartphones/all-smartphones/index.php: 2
pages/smartphones/galaxy-s25/buy/index.php: 3
pages/smartphones/galaxy-s/galaxy-s25-fe-navy-256gb-sm-s731bdbvpkd/index.php: 2
pages/smartphones/galaxy-a/galaxy-a57-5g/buy/index.php: 2
pages/smartphones/galaxy-a56-5g/buy/index.php: 3
pages/smartphones/galaxy-s26/index.php: 3
pages/sustainability/security-and-privacy/index.php: 8
pages/sustainability/inclusive-workplace/index.php: 6
pages/sustainability/environment/index.php: 6
pages/sustainability/accessibility/overview/index.php: 7
pages/shop-faq/index.php: 3
pages/tv-accessories/all-tv-accessories/index.php: 2
pages/galaxy-ai/index.php: 3
pages/projectors/all-projectors/index.php: 2
pages/apps/index.php: 7
pages/apps/samsung-health/index.php: 7
pages/dishwashers/all-dishwashers/index.php: 2
pages/dishwashers/built-in/dw7700b-dw60dg790i00-energy-efficiency-waterjet-clean-14-place-settings-silver-dw60dg790fslgu/index.php: 36
pages/refrigerators/side-by-side/refrigerator-sbs-rs90f-basic-655l-black-doi-rs70f65qeftr/index.php: 6
pages/refrigerators/top-mount-freezer/rt7300d-smartthings-ai-energy-mode-top-mount-freezer-smartthings-ai-energy-mode-540l-black-rt53dg7b10b1fa/index.php: 7
pages/refrigerators/all-refrigerators/index.php: 17
index.php: 252
previous-index.php: 255
global/ir/index.html: 13